// Jest Snapshot v1, https://goo.gl/fbAQLP

exports[`renders FavoriteToggle correctly 1`] = `
<div>
  <h1
    className="sc-gtsrHT sc-jSFjdj kMImv bhGncE"
    onClick={[Function]}
  >
    ‚ù£
  </h1>
</div>
`;
